{
  "pipeline": "pipeline_id",
  "job details": {
    "job category": "preprocessing",
    "job name": "html2parquet",
    "job type": "pure python",
    "job id": "job_id",
    "start_time": "2024-08-09 16:39:34",
    "end_time": "2024-08-09 16:39:34",
    "status": "success"
  },
  "code": null,
  "job_input_params": {
    "checkpointing": false,
    "max_files": -1,
    "random_samples": -1,
    "files_to_use": [
      ".zip"
    ]
  },
  "job_output_stats": {
    "source_files": 1,
    "source_size": 106562,
    "result_files": 1,
    "result_size": 8209,
    "processing_time": 0.06654191017150879,
    "number of rows": 2
  },
  "source": {
    "name": "/Users/sungeunan/data-prep-kit/transforms/universal/html2parquet/python/test-data/input",
    "type": "path"
  },
  "target": {
    "name": "/Users/sungeunan/Documents/html2parquet-output",
    "type": "path"
  }
}